nkdnvldvkdnbldndlnbkfdnvlndfbndfn nkfnlefnv nklefnlajd;svnf nkdsnovld 
